MPLINK 5.07, LINKER
Linker Map File - Created Sun Mar 12 18:42:06 2017

                                 Section Info
                  Section       Type    Address   Location Size(Bytes)
                ---------  ---------  ---------  ---------  ---------
                   .org_0       code   0x000000    program   0x0000e4
                   .org_1       code   0x000800    program   0x000104
                   .cinit    romdata   0x000882    program   0x000004
.config_2007_BUILD/DEFAULT/PRODUCTION/LEER.O       code   0x002007    program   0x000002
.config_2008_BUILD/DEFAULT/PRODUCTION/LEER.O       code   0x002008    program   0x000002



                              Program Memory Usage 
                               Start         End      
                           ---------   ---------      
                            0x000000    0x000071      
                            0x000800    0x000883      
                            0x002007    0x002008      
            248 out of 8455 program addresses used, program memory utilization is 2%



                              Symbols - Sorted by Name
                     Name    Address   Location    Storage File                     
                ---------  ---------  ---------  --------- ---------                
              BINARIO_BCD   0x000030    program     static C:\Users\X456UA i5 7Gn\Desktop\D\Oscar\D\MPLABXProjects\LAB_1\LAB_1\yesica1\CONVERSION.INC
                      CEN   0x000033    program     static C:\Users\X456UA i5 7Gn\Desktop\D\Oscar\D\MPLABXProjects\LAB_1\LAB_1\yesica1\CONVERSION.INC
                      DEC   0x00003a    program     static C:\Users\X456UA i5 7Gn\Desktop\D\Oscar\D\MPLABXProjects\LAB_1\LAB_1\yesica1\CONVERSION.INC
                      FIN   0x000043    program     static C:\Users\X456UA i5 7Gn\Desktop\D\Oscar\D\MPLABXProjects\LAB_1\LAB_1\yesica1\CONVERSION.INC
                     LOOP   0x00000b    program     static C:\Users\X456UA i5 7Gn\Desktop\D\Oscar\D\MPLABXProjects\LAB_1\LAB_1\yesica1\leer.asm
                  LOOP_K1   0x000067    program     static C:\Users\X456UA i5 7Gn\Desktop\D\Oscar\D\MPLABXProjects\LAB_1\LAB_1\yesica1\retardos.inc
                  LOOP_M1   0x000069    program     static C:\Users\X456UA i5 7Gn\Desktop\D\Oscar\D\MPLABXProjects\LAB_1\LAB_1\yesica1\retardos.inc
                  LOOP_N1   0x00006b    program     static C:\Users\X456UA i5 7Gn\Desktop\D\Oscar\D\MPLABXProjects\LAB_1\LAB_1\yesica1\retardos.inc
               OSCILLATOR   0x000060    program     static C:\Users\X456UA i5 7Gn\Desktop\D\Oscar\D\MPLABXProjects\LAB_1\LAB_1\yesica1\configuracion.inc
                PRINCIPAL   0x000002    program     static C:\Users\X456UA i5 7Gn\Desktop\D\Oscar\D\MPLABXProjects\LAB_1\LAB_1\yesica1\leer.asm
             RETARDO_1SEG   0x000065    program     static C:\Users\X456UA i5 7Gn\Desktop\D\Oscar\D\MPLABXProjects\LAB_1\LAB_1\yesica1\retardos.inc
                SECUENCIA   0x000019    program     static C:\Users\X456UA i5 7Gn\Desktop\D\Oscar\D\MPLABXProjects\LAB_1\LAB_1\yesica1\leer.asm
                    TABLA   0x000800    program     static C:\Users\X456UA i5 7Gn\Desktop\D\Oscar\D\MPLABXProjects\LAB_1\LAB_1\yesica1\led.inc
                   TABLA1   0x000841    program     static C:\Users\X456UA i5 7Gn\Desktop\D\Oscar\D\MPLABXProjects\LAB_1\LAB_1\yesica1\led.inc
                      UNI   0x000041    program     static C:\Users\X456UA i5 7Gn\Desktop\D\Oscar\D\MPLABXProjects\LAB_1\LAB_1\yesica1\CONVERSION.INC
                        X   0x000016    program     static C:\Users\X456UA i5 7Gn\Desktop\D\Oscar\D\MPLABXProjects\LAB_1\LAB_1\yesica1\leer.asm
             _.org_0_0011   0x000011    program     static C:\Users\X456UA i5 7Gn\Desktop\D\Oscar\D\MPLABXProjects\LAB_1\LAB_1\yesica1\leer.asm
            configuracion   0x00004a    program     static C:\Users\X456UA i5 7Gn\Desktop\D\Oscar\D\MPLABXProjects\LAB_1\LAB_1\yesica1\configuracion.inc



                              Symbols - Sorted by Address
                     Name    Address   Location    Storage File                     
                ---------  ---------  ---------  --------- ---------                
                PRINCIPAL   0x000002    program     static C:\Users\X456UA i5 7Gn\Desktop\D\Oscar\D\MPLABXProjects\LAB_1\LAB_1\yesica1\leer.asm
                     LOOP   0x00000b    program     static C:\Users\X456UA i5 7Gn\Desktop\D\Oscar\D\MPLABXProjects\LAB_1\LAB_1\yesica1\leer.asm
             _.org_0_0011   0x000011    program     static C:\Users\X456UA i5 7Gn\Desktop\D\Oscar\D\MPLABXProjects\LAB_1\LAB_1\yesica1\leer.asm
                        X   0x000016    program     static C:\Users\X456UA i5 7Gn\Desktop\D\Oscar\D\MPLABXProjects\LAB_1\LAB_1\yesica1\leer.asm
                SECUENCIA   0x000019    program     static C:\Users\X456UA i5 7Gn\Desktop\D\Oscar\D\MPLABXProjects\LAB_1\LAB_1\yesica1\leer.asm
              BINARIO_BCD   0x000030    program     static C:\Users\X456UA i5 7Gn\Desktop\D\Oscar\D\MPLABXProjects\LAB_1\LAB_1\yesica1\CONVERSION.INC
                      CEN   0x000033    program     static C:\Users\X456UA i5 7Gn\Desktop\D\Oscar\D\MPLABXProjects\LAB_1\LAB_1\yesica1\CONVERSION.INC
                      DEC   0x00003a    program     static C:\Users\X456UA i5 7Gn\Desktop\D\Oscar\D\MPLABXProjects\LAB_1\LAB_1\yesica1\CONVERSION.INC
                      UNI   0x000041    program     static C:\Users\X456UA i5 7Gn\Desktop\D\Oscar\D\MPLABXProjects\LAB_1\LAB_1\yesica1\CONVERSION.INC
                      FIN   0x000043    program     static C:\Users\X456UA i5 7Gn\Desktop\D\Oscar\D\MPLABXProjects\LAB_1\LAB_1\yesica1\CONVERSION.INC
            configuracion   0x00004a    program     static C:\Users\X456UA i5 7Gn\Desktop\D\Oscar\D\MPLABXProjects\LAB_1\LAB_1\yesica1\configuracion.inc
               OSCILLATOR   0x000060    program     static C:\Users\X456UA i5 7Gn\Desktop\D\Oscar\D\MPLABXProjects\LAB_1\LAB_1\yesica1\configuracion.inc
             RETARDO_1SEG   0x000065    program     static C:\Users\X456UA i5 7Gn\Desktop\D\Oscar\D\MPLABXProjects\LAB_1\LAB_1\yesica1\retardos.inc
                  LOOP_K1   0x000067    program     static C:\Users\X456UA i5 7Gn\Desktop\D\Oscar\D\MPLABXProjects\LAB_1\LAB_1\yesica1\retardos.inc
                  LOOP_M1   0x000069    program     static C:\Users\X456UA i5 7Gn\Desktop\D\Oscar\D\MPLABXProjects\LAB_1\LAB_1\yesica1\retardos.inc
                  LOOP_N1   0x00006b    program     static C:\Users\X456UA i5 7Gn\Desktop\D\Oscar\D\MPLABXProjects\LAB_1\LAB_1\yesica1\retardos.inc
                    TABLA   0x000800    program     static C:\Users\X456UA i5 7Gn\Desktop\D\Oscar\D\MPLABXProjects\LAB_1\LAB_1\yesica1\led.inc
                   TABLA1   0x000841    program     static C:\Users\X456UA i5 7Gn\Desktop\D\Oscar\D\MPLABXProjects\LAB_1\LAB_1\yesica1\led.inc


